[36mvite v8.0.3 [32mbuilding client environment for production...[36m[39m
[2K
transforming...Γ£ô 83 modules transformed.
Γ£ù Build failed in 311ms
error during build:
Build failed with 1 error:

[plugin vite:terser]
Error: terser not found. Since Vite v3, terser has become an optional dependency. You need to install it.
    at loadTerserPath (file:///C:/Users/janar/OneDrive/Desktop/companion/frontend/node_modules/vite/dist/node/chunks/node.js:32354:8)
    at PluginContextImpl.renderChunk (file:///C:/Users/janar/OneDrive/Desktop/companion/frontend/node_modules/vite/dist/node/chunks/node.js:32383:37)
    at PluginContextImpl.handler (file:///C:/Users/janar/OneDrive/Desktop/companion/frontend/node_modules/vite/dist/node/chunks/node.js:33109:13)
    at plugin (file:///C:/Users/janar/OneDrive/Desktop/companion/frontend/node_modules/rolldown/dist/shared/bindingify-input-options-e7ze4hPR.mjs:1234:30)
    at plugin.<computed> (file:///C:/Users/janar/OneDrive/Desktop/companion/frontend/node_modules/rolldown/dist/shared/bindingify-input-options-e7ze4hPR.mjs:1593:18)
    at aggregateBindingErrorsIntoJsError (file:///C:/Users/janar/OneDrive/Desktop/companion/frontend/node_modules/rolldown/dist/shared/error-BLhcSyeg.mjs:48:18)
    at unwrapBindingResult (file:///C:/Users/janar/OneDrive/Desktop/companion/frontend/node_modules/rolldown/dist/shared/error-BLhcSyeg.mjs:18:128)
    at #build (file:///C:/Users/janar/OneDrive/Desktop/companion/frontend/node_modules/rolldown/dist/shared/rolldown-build-CPrIX9V6.mjs:3313:34)
    at async buildEnvironment (file:///C:/Users/janar/OneDrive/Desktop/companion/frontend/node_modules/vite/dist/node/chunks/node.js:32849:64)
    at async Object.build (file:///C:/Users/janar/OneDrive/Desktop/companion/frontend/node_modules/vite/dist/node/chunks/node.js:33271:19)
    at async Object.buildApp (file:///C:/Users/janar/OneDrive/Desktop/companion/frontend/node_modules/vite/dist/node/chunks/node.js:33268:153)
    at async CAC.<anonymous> (file:///C:/Users/janar/OneDrive/Desktop/companion/frontend/node_modules/vite/dist/node/cli.js:778:3) {
  errors: [Getter/Setter]
}
